=== BACKBONE B32 (512d) ===
device: cpu
fractions=[0.25, 0.5, 1.0] seeds=[0, 1, 2] epochs=15
feature_dir=/Users/younghoon-kang/coad-mini/data/features feature_dim=512 lr=0.0001
model: best_current_h256 hidden=256 selection=balanced mem=50 replay=0.25

========================================================================
  fraction=0.25
========================================================================
fraction=0.25 seed=0 avg_acc=0.3258 s1_drop=-0.1567
fraction=0.25 seed=1 avg_acc=0.3093 s1_drop=-0.1083
fraction=0.25 seed=2 avg_acc=0.3055 s1_drop=-0.1550
fraction=0.25 avg_acc_mean=0.3136 avg_acc_std=0.0088 s1_drop_mean=-0.1400 s1_drop_std=0.0224

========================================================================
  fraction=0.5
========================================================================
fraction=0.5 seed=0 avg_acc=0.3802 s1_drop=-0.1967
fraction=0.5 seed=1 avg_acc=0.3602 s1_drop=-0.1900
fraction=0.5 seed=2 avg_acc=0.3702 s1_drop=-0.1950
fraction=0.5 avg_acc_mean=0.3702 avg_acc_std=0.0082 s1_drop_mean=-0.1939 s1_drop_std=0.0028

========================================================================
  fraction=1.0
========================================================================
fraction=1 seed=0 avg_acc=0.3635 s1_drop=-0.0317
fraction=1 seed=1 avg_acc=0.3861 s1_drop=-0.1633
fraction=1 seed=2 avg_acc=0.4134 s1_drop=-0.0400
fraction=1 avg_acc_mean=0.3876 avg_acc_std=0.0204 s1_drop_mean=-0.0783 s1_drop_std=0.0602


========================================================================
  Data-Scale Summary
========================================================================
  Fraction   Avg Acc     +/-   S1 Drop     +/-
  ----------------------------------------------
      0.25    0.3136  0.0088   -0.1400  0.0224
       0.5    0.3702  0.0082   -0.1939  0.0028
         1    0.3876  0.0204   -0.0783  0.0602
=== BACKBONE L14 (768d) ===
device: cpu
fractions=[0.25, 0.5, 1.0] seeds=[0, 1, 2] epochs=15
feature_dir=/Users/younghoon-kang/coad-mini/data/features_openclip_l14 feature_dim=768 lr=0.0001
model: best_current_h256 hidden=256 selection=balanced mem=50 replay=0.25

========================================================================
  fraction=0.25
========================================================================
fraction=0.25 seed=0 avg_acc=0.3348 s1_drop=-0.0867
fraction=0.25 seed=1 avg_acc=0.3323 s1_drop=-0.1900
fraction=0.25 seed=2 avg_acc=0.3503 s1_drop=-0.2367
fraction=0.25 avg_acc_mean=0.3392 avg_acc_std=0.0080 s1_drop_mean=-0.1711 s1_drop_std=0.0627

========================================================================
  fraction=0.5
========================================================================
fraction=0.5 seed=0 avg_acc=0.4170 s1_drop=-0.2567
fraction=0.5 seed=1 avg_acc=0.3915 s1_drop=-0.2167
fraction=0.5 seed=2 avg_acc=0.3747 s1_drop=-0.0917
fraction=0.5 avg_acc_mean=0.3944 avg_acc_std=0.0174 s1_drop_mean=-0.1883 s1_drop_std=0.0703

========================================================================
  fraction=1.0
========================================================================
fraction=1 seed=0 avg_acc=0.3573 s1_drop=0.0900
fraction=1 seed=1 avg_acc=0.4096 s1_drop=0.0650
fraction=1 seed=2 avg_acc=0.4361 s1_drop=-0.0133
fraction=1 avg_acc_mean=0.4010 avg_acc_std=0.0327 s1_drop_mean=0.0472 s1_drop_std=0.0440


========================================================================
  Data-Scale Summary
========================================================================
  Fraction   Avg Acc     +/-   S1 Drop     +/-
  ----------------------------------------------
      0.25    0.3392  0.0080   -0.1711  0.0627
       0.5    0.3944  0.0174   -0.1883  0.0703
         1    0.4010  0.0327    0.0472  0.0440
=== ALL DONE ===
